Analyzing pos...                                                

   info - Statements in an if should be enclosed in a block - lib\screens\auth\login_screen.dart:93:23 - curly_braces_in_flow_control_structures
   info - Statements in an if should be enclosed in a block - lib\screens\auth\login_screen.dart:119:23 - curly_braces_in_flow_control_structures
   info - Statements in an if should be enclosed in a block - lib\screens\auth\registration_screen.dart:97:23 - curly_braces_in_flow_control_structures
   info - Statements in an if should be enclosed in a block - lib\screens\auth\registration_screen.dart:123:23 - curly_braces_in_flow_control_structures
   info - Invalid use of a private type in a public API - lib\screens\products\add_product_screen.dart:12:3 - library_private_types_in_public_api
   info - Don't use 'BuildContext's across async gaps - lib\screens\products\add_product_screen.dart:52:7 - use_build_context_synchronously
   info - Don't use 'BuildContext's across async gaps - lib\screens\products\add_product_screen.dart:55:19 - use_build_context_synchronously
   info - Don't use 'BuildContext's across async gaps - lib\screens\reports\reports_screen.dart:101:7 - use_build_context_synchronously
   info - Don't use 'BuildContext's across async gaps - lib\screens\reports\reports_screen.dart:114:9 - use_build_context_synchronously
   info - 'Table.fromTextArray' is deprecated and shouldn't be used. Use TableHelper.fromTextArray() instead - lib\services\invoice_service.dart:30:17 - deprecated_member_use

